=== TOKENS FOR data/test_lexer/07_links_and_images.md ===
T{3, #}
T{0,  }
T{4, Links}
T{0,  }
T{4, And}
T{0,  }
T{4, Images}
T{2, 
}
T{2, 
}
T{15, [}
T{4, Inline}
T{0,  }
T{4, link}
T{16, ]}
T{17, (}
T{4, https}
T{14, :}
T{4, //example}
T{12, .}
T{4, com}
T{18, )}
T{2, 
}
T{15, [}
T{4, Inline}
T{0,  }
T{4, link}
T{0,  }
T{4, with}
T{0,  }
T{4, title}
T{16, ]}
T{17, (}
T{4, https}
T{14, :}
T{4, //example}
T{12, .}
T{4, com}
T{0,  }
T{4, "Example}
T{0,  }
T{4, Title"}
T{18, )}
T{2, 
}
T{20, <}
T{4, https}
T{14, :}
T{4, //example}
T{12, .}
T{4, org}
T{21, >}
T{2, 
}
T{20, <}
T{4, mailto}
T{14, :}
T{4, test}
T{22, @}
T{4, example}
T{12, .}
T{4, org}
T{21, >}
T{2, 
}
T{2, 
}
T{15, [}
T{4, Reference}
T{0,  }
T{4, link}
T{16, ]}
T{15, [}
T{4, ref}
T{7, -}
T{11, 1}
T{16, ]}
T{2, 
}
T{15, [}
T{4, Shortcut}
T{0,  }
T{4, reference}
T{16, ]}
T{15, [}
T{16, ]}
T{2, 
}
T{15, [}
T{4, Collapsed}
T{0,  }
T{4, reference}
T{16, ]}
T{15, [}
T{4, shortcut}
T{0,  }
T{4, reference}
T{16, ]}
T{2, 
}
T{2, 
}
T{15, [}
T{4, ref}
T{7, -}
T{11, 1}
T{16, ]}
T{14, :}
T{0,  }
T{4, https}
T{14, :}
T{4, //example}
T{12, .}
T{4, net/path}
T{27, ?}
T{4, x=1}
T{23, &}
T{4, y=2}
T{0,  }
T{4, "Reference}
T{0,  }
T{4, Title"}
T{2, 
}
T{15, [}
T{4, shortcut}
T{0,  }
T{4, reference}
T{16, ]}
T{14, :}
T{0,  }
T{4, https}
T{14, :}
T{4, //example}
T{12, .}
T{4, edu}
T{2, 
}
T{2, 
}
T{4, !}
T{15, [}
T{4, Inline}
T{0,  }
T{4, image}
T{16, ]}
T{17, (}
T{4, https}
T{14, :}
T{4, //example}
T{12, .}
T{4, com/image}
T{12, .}
T{4, png}
T{18, )}
T{2, 
}
T{4, !}
T{15, [}
T{4, Inline}
T{0,  }
T{4, image}
T{0,  }
T{4, with}
T{0,  }
T{4, title}
T{16, ]}
T{17, (}
T{4, https}
T{14, :}
T{4, //example}
T{12, .}
T{4, com/image}
T{12, .}
T{4, png}
T{0,  }
T{4, "Image}
T{0,  }
T{4, Title"}
T{18, )}
T{2, 
}
T{4, !}
T{15, [}
T{4, Reference}
T{0,  }
T{4, image}
T{16, ]}
T{15, [}
T{4, img}
T{7, -}
T{11, 1}
T{16, ]}
T{2, 
}
T{2, 
}
T{15, [}
T{4, img}
T{7, -}
T{11, 1}
T{16, ]}
T{14, :}
T{0,  }
T{4, https}
T{14, :}
T{4, //example}
T{12, .}
T{4, com/ref}
T{7, -}
T{4, image}
T{12, .}
T{4, jpg}
T{0,  }
T{4, "Ref}
T{0,  }
T{4, Image"}
T{2, 
}
