=== TOKENS FOR data/test_lexer/08_escapes_symbols_and_rules.md ===
T{3, #}
T{0,  }
T{4, Escapes,}
T{0,  }
T{4, Special}
T{0,  }
T{4, Characters,}
T{0,  }
T{4, And}
T{0,  }
T{4, Rules}
T{2, 
}
T{2, 
}
T{19, \}
T{9, *}
T{4, escaped}
T{0,  }
T{4, asterisk}
T{19, \}
T{9, *}
T{2, 
}
T{19, \}
T{8, _}
T{4, escaped}
T{0,  }
T{4, underscore}
T{19, \}
T{8, _}
T{2, 
}
T{19, \}
T{3, #}
T{0,  }
T{4, escaped}
T{0,  }
T{4, hash}
T{2, 
}
T{19, \}
T{15, [}
T{0,  }
T{4, escaped}
T{0,  }
T{4, bracket}
T{0,  }
T{19, \}
T{16, ]}
T{2, 
}
T{19, \}
T{17, (}
T{0,  }
T{4, escaped}
T{0,  }
T{4, parenthesis}
T{0,  }
T{19, \}
T{18, )}
T{2, 
}
T{19, \}
T{20, <}
T{0,  }
T{4, escaped}
T{0,  }
T{4, angle}
T{0,  }
T{19, \}
T{21, >}
T{2, 
}
T{19, \}
T{19, \}
T{0,  }
T{4, escaped}
T{0,  }
T{4, backslash}
T{2, 
}
T{2, 
}
T{4, Literal}
T{0,  }
T{4, symbols}
T{14, :}
T{0,  }
T{22, @}
T{0,  }
T{23, &}
T{0,  }
T{24, ;}
T{0,  }
T{14, :}
T{0,  }
T{13, |}
T{0,  }
T{20, <}
T{0,  }
T{21, >}
T{0,  }
T{15, [}
T{0,  }
T{16, ]}
T{0,  }
T{17, (}
T{0,  }
T{18, )}
T{0,  }
T{4, {}
T{0,  }
T{4, }}
T{0,  }
T{10, +}
T{0,  }
T{7, -}
T{0,  }
T{19, \}
T{9, *}
T{0,  }
T{19, \}
T{8, _}
T{0,  }
T{3, #}
T{0,  }
T{6, ~}
T{0,  }
T{5, `}
T{0,  }
T{12, .}
T{2, 
}
T{2, 
}
T{7, -}
T{7, -}
T{7, -}
T{2, 
}
T{2, 
}
T{7, -}
T{7, -}
T{7, -}
T{2, 
}
T{2, 
}
T{7, -}
T{7, -}
T{7, -}
T{2, 
}
