=== TOKENS FOR data/test_lexer/09_tables.md ===
T{3, #}
T{0,  }
T{4, Tables}
T{0,  }
T{17, (}
T{4, GFM}
T{18, )}
T{2, 
}
T{2, 
}
T{13, |}
T{0,  }
T{4, Column}
T{0,  }
T{4, A}
T{0,  }
T{13, |}
T{0,  }
T{4, Column}
T{0,  }
T{4, B}
T{0,  }
T{13, |}
T{0,  }
T{4, Column}
T{0,  }
T{4, C}
T{0,  }
T{13, |}
T{2, 
}
T{13, |}
T{0,  }
T{14, :}
T{7, -}
T{7, -}
T{7, -}
T{7, -}
T{7, -}
T{7, -}
T{7, -}
T{0,  }
T{13, |}
T{0,  }
T{14, :}
T{7, -}
T{7, -}
T{7, -}
T{7, -}
T{7, -}
T{7, -}
T{14, :}
T{0,  }
T{13, |}
T{0,  }
T{7, -}
T{7, -}
T{7, -}
T{7, -}
T{7, -}
T{7, -}
T{7, -}
T{14, :}
T{0,  }
T{13, |}
T{2, 
}
T{13, |}
T{0,  }
T{4, left}
T{0,  }
T{0,  }
T{0,  }
T{0,  }
T{0,  }
T{13, |}
T{0,  }
T{0,  }
T{4, center}
T{0,  }
T{0,  }
T{13, |}
T{0,  }
T{0,  }
T{0,  }
T{0,  }
T{4, right}
T{0,  }
T{13, |}
T{2, 
}
T{13, |}
T{0,  }
T{4, a}
T{19, \}
T{13, |}
T{4, b}
T{0,  }
T{0,  }
T{0,  }
T{0,  }
T{0,  }
T{13, |}
T{0,  }
T{0,  }
T{0,  }
T{0,  }
T{4, c}
T{0,  }
T{0,  }
T{0,  }
T{0,  }
T{0,  }
T{13, |}
T{0,  }
T{0,  }
T{0,  }
T{0,  }
T{0,  }
T{0,  }
T{0,  }
T{0,  }
T{4, d}
T{0,  }
T{13, |}
T{2, 
}
