=== TOKENS FOR data/test_lexer/12_mixed_stress.md ===
T{3, #}
T{0,  }
T{4, Mixed}
T{0,  }
T{4, Stress}
T{0,  }
T{4, Section}
T{2, 
}
T{2, 
}
T{21, >}
T{0,  }
T{4, Quote}
T{0,  }
T{4, with}
T{0,  }
T{4, list}
T{2, 
}
T{21, >}
T{2, 
}
T{21, >}
T{0,  }
T{7, -}
T{0,  }
T{4, Item}
T{0,  }
T{9, *}
T{9, *}
T{4, bold}
T{9, *}
T{9, *}
T{2, 
}
T{21, >}
T{0,  }
T{7, -}
T{0,  }
T{4, Item}
T{0,  }
T{5, `}
T{4, code}
T{5, `}
T{2, 
}
T{21, >}
T{0,  }
T{0,  }
T{0,  }
T{11, 1}
T{12, .}
T{0,  }
T{4, Nested}
T{0,  }
T{4, ordered}
T{2, 
}
T{21, >}
T{0,  }
T{0,  }
T{0,  }
T{11, 2}
T{12, .}
T{0,  }
T{4, Nested}
T{0,  }
T{4, ordered}
T{0,  }
T{4, with}
T{0,  }
T{15, [}
T{4, link}
T{16, ]}
T{17, (}
T{4, https}
T{14, :}
T{4, //example}
T{12, .}
T{4, com}
T{18, )}
T{2, 
}
T{2, 
}
T{11, 1}
T{12, .}
T{0,  }
T{4, Ordered}
T{0,  }
T{4, item}
T{0,  }
T{4, with}
T{0,  }
T{4, task}
T{2, 
}
T{0,  }
T{0,  }
T{0,  }
T{7, -}
T{0,  }
T{15, [}
T{25, x}
T{16, ]}
T{0,  }
T{4, done}
T{2, 
}
T{0,  }
T{0,  }
T{0,  }
T{7, -}
T{0,  }
T{15, [}
T{25, x}
T{16, ]}
T{0,  }
T{4, DONE}
T{2, 
}
T{0,  }
T{0,  }
T{0,  }
T{7, -}
T{0,  }
T{15, [}
T{0,  }
T{16, ]}
T{0,  }
T{4, todo}
T{2, 
}
T{2, 
}
T{4, Paragraph}
T{0,  }
T{4, with}
T{0,  }
T{4, math}
T{7, -}
T{4, like}
T{0,  }
T{4, text}
T{14, :}
T{0,  }
T{28, $}
T{4, a}
T{10, +}
T{4, b=c}
T{28, $}
T{4, ,}
T{0,  }
T{28, $}
T{4, x^2}
T{10, +}
T{4, y^2=z^2}
T{28, $}
T{12, .}
T{2, 
}
T{2, 
}
T{4, Final}
T{0,  }
T{4, line}
T{0,  }
T{4, with}
T{0,  }
T{4, numbers}
T{0,  }
T{11, 0}
T{0,  }
T{11, 1}
T{0,  }
T{11, 2}
T{0,  }
T{11, 3}
T{0,  }
T{11, 42}
T{0,  }
T{11, 1000}
T{0,  }
T{4, and}
T{0,  }
T{4, words}
T{0,  }
T{4, END}
T{12, .}
T{2, 
}
